{
 "kind": "customer",
 "serverBefore": "555-0100",
 "typed": "555-7655",
 "sidebar": {
  "hashBefore": "#/customers/305",
  "dialogs": 1,
  "hashWithDialog": "#/customers/305",
  "shotDialog": "/Users/srinivasans/Git/DooD_Test/gene-invoice-main/docs/regression/2026-09-15/scripts/verify-high-fixes/ui/shots/d11-customer-02-sidebar-dialog.png",
  "dialogsAfterKeep": 0,
  "hashAfterKeep": "#/customers/305",
  "hrefAfterKeep": "http://localhost:8084/#/customers/305",
  "inputsAfterKeep": [],
  "shotAfterKeep": "/Users/srinivasans/Git/DooD_Test/gene-invoice-main/docs/regression/2026-09-15/scripts/verify-high-fixes/ui/shots/d11-customer-03-sidebar-after-keep.png"
 },
 "browserBack": {
  "hashBefore": "#/customers/305",
  "dialogs": 0,
  "hashWithDialog": "#/customers/305",
  "shotDialog": "/Users/srinivasans/Git/DooD_Test/gene-invoice-main/docs/regression/2026-09-15/scripts/verify-high-fixes/ui/shots/d11-customer-04-browser-back-dialog.png"
 },
 "sidebarAfterBrowserBack": {
  "hashBefore": "#/customers/305",
  "dialogs": 1,
  "hashWithDialog": "#/customers/305",
  "shotDialog": "/Users/srinivasans/Git/DooD_Test/gene-invoice-main/docs/regression/2026-09-15/scripts/verify-high-fixes/ui/shots/d11-customer-05-sidebar-again-dialog.png",
  "dialogsAfterKeep": 0,
  "hashAfterKeep": "#/customers/305",
  "hrefAfterKeep": "http://localhost:8084/#/customers/305",
  "inputsAfterKeep": [],
  "shotAfterKeep": "/Users/srinivasans/Git/DooD_Test/gene-invoice-main/docs/regression/2026-09-15/scripts/verify-high-fixes/ui/shots/d11-customer-06-sidebar-again-after-keep.png"
 },
 "bell": {
  "hashBefore": "#/customers/305",
  "dialogs": 0,
  "hashWithDialog": "#/customers/305",
  "shotDialog": "/Users/srinivasans/Git/DooD_Test/gene-invoice-main/docs/regression/2026-09-15/scripts/verify-high-fixes/ui/shots/d11-customer-07-bell-dialog.png"
 },
 "tabs": {
  "History": {
   "dialogs": 0,
   "hash": "#/customers/305?tab=history",
   "inputs": []
  },
  "Payment Promise": {
   "dialogs": 0,
   "hash": "#/customers/305?tab=promises",
   "inputs": []
  },
  "Disputes": {
   "dialogs": 0,
   "hash": "#/customers/305?tab=disputes",
   "inputs": []
  }
 },
 "shotTabs": "/Users/srinivasans/Git/DooD_Test/gene-invoice-main/docs/regression/2026-09-15/scripts/verify-high-fixes/ui/shots/d11-customer-08-after-tabs.png",
 "backArrowKeep": {
  "hashBefore": "#/customers/305?tab=disputes",
  "dialogs": 1,
  "hashWithDialog": "#/customers/305?tab=disputes",
  "shotDialog": "/Users/srinivasans/Git/DooD_Test/gene-invoice-main/docs/regression/2026-09-15/scripts/verify-high-fixes/ui/shots/d11-customer-09-back-arrow-dialog.png",
  "dialogsAfterKeep": 0,
  "hashAfterKeep": "#/customers/305?tab=disputes",
  "hrefAfterKeep": "http://localhost:8084/#/customers/305?tab=disputes",
  "inputsAfterKeep": [],
  "shotAfterKeep": "/Users/srinivasans/Git/DooD_Test/gene-invoice-main/docs/regression/2026-09-15/scripts/verify-high-fixes/ui/shots/d11-customer-10-back-arrow-after-keep.png"
 },
 "backArrowDiscard": {
  "dialogs": 1,
  "dialogsAfterDiscard": 0,
  "hashAfterDiscard": "#/customers",
  "shot": "/Users/srinivasans/Git/DooD_Test/gene-invoice-main/docs/regression/2026-09-15/scripts/verify-high-fixes/ui/shots/d11-customer-11-back-arrow-discard.png",
  "serverAfter": "555-0100"
 },
 "sidebarDiscard": {
  "dialogs": 1,
  "dialogsAfterDiscard": 0,
  "hashAfterDiscard": "#/invoices",
  "shot": "/Users/srinivasans/Git/DooD_Test/gene-invoice-main/docs/regression/2026-09-15/scripts/verify-high-fixes/ui/shots/d11-customer-12-sidebar-discard.png",
  "serverAfter": "555-0100"
 },
 "browserBackDiscard": {
  "dialogs": 1,
  "hashWithDialog": "#/customers",
  "dialogsAfterDiscard": 0,
  "hashAfterDiscard": "#/customers",
  "shot": "/Users/srinivasans/Git/DooD_Test/gene-invoice-main/docs/regression/2026-09-15/scripts/verify-high-fixes/ui/shots/d11-customer-13-browser-back-discard.png"
 },
 "saveThenNavigate": {
  "saveNode": "[button] Save changes @350,477 153x38",
  "shotBeforeSave": "/Users/srinivasans/Git/DooD_Test/gene-invoice-main/docs/regression/2026-09-15/scripts/verify-high-fixes/ui/shots/d11-customer-14-save-first-before.png",
  "shotAfterSave": "/Users/srinivasans/Git/DooD_Test/gene-invoice-main/docs/regression/2026-09-15/scripts/verify-high-fixes/ui/shots/d11-customer-15-save-first-after.png",
  "serverAfterSave": "555-7906",
  "typed": "555-7906",
  "dialogs": 0,
  "hashAfterNav": ""
 },
 "apiErrors": [],
 "pageErrors": []
}
