{
 "mode": "phone",
 "serverBefore": "vu-d04 invoice notes",
 "badge": "99+ @303,23 19x16",
 "cleanBadgeClick": {
  "hash": "#/invoices/448",
  "historyLength": 4,
  "dialogs": 0
 },
 "cleanBadgeShot": "/Users/srinivasans/Git/DooD_Test/gene-invoice-main/docs/regression/2026-09-15/scripts/verify-high-fixes/ui/shots/d11c-phone-1-clean-badge-click.png",
 "cleanBellOffBadge": {
  "hash": "#/notifications",
  "historyLength": 5,
  "dialogs": 0
 },
 "dirty": {
  "hash": "#/invoices/448",
  "historyLength": 7,
  "dialogs": 0
 },
 "dirtyConfirmed": true,
 "dirtyShot": "/Users/srinivasans/Git/DooD_Test/gene-invoice-main/docs/regression/2026-09-15/scripts/verify-high-fixes/ui/shots/d11c-phone-2a-dirty.png",
 "blocked": {
  "hash": "#/invoices/448",
  "historyLength": 7,
  "dialogs": 1
 },
 "blockedShot": "/Users/srinivasans/Git/DooD_Test/gene-invoice-main/docs/regression/2026-09-15/scripts/verify-high-fixes/ui/shots/d11c-phone-2b-blocked.png",
 "afterKeep": {
  "hash": "#/invoices/448",
  "historyLength": 7,
  "dialogs": 0
 },
 "afterKeepShot": "/Users/srinivasans/Git/DooD_Test/gene-invoice-main/docs/regression/2026-09-15/scripts/verify-high-fixes/ui/shots/d11c-phone-2c-after-keep.png",
 "backs": [
  {
   "hash": "#/invoices",
   "historyLength": 7,
   "dialogs": 1,
   "shot": "/Users/srinivasans/Git/DooD_Test/gene-invoice-main/docs/regression/2026-09-15/scripts/verify-high-fixes/ui/shots/d11c-phone-2-back-1-dialog.png",
   "afterDiscard": {
    "hash": "#/invoices",
    "historyLength": 7,
    "dialogs": 0
   }
  }
 ],
 "serverAfter": "vu-d04 invoice notes",
 "pageErrors": []
}
