{
 "mode": "desktop",
 "detail": "#/invoices/449",
 "steps": [
  {
   "name": "sidebar Payments",
   "hash": "#/invoices/449",
   "historyLength": 4,
   "dialogs": 1,
   "afterKeep": {
    "hash": "#/invoices/449",
    "historyLength": 4,
    "dialogs": 0
   }
  },
  {
   "name": "bell (off badge)",
   "hash": "#/invoices/449",
   "historyLength": 4,
   "dialogs": 1,
   "afterKeep": {
    "hash": "#/invoices/449",
    "historyLength": 4,
    "dialogs": 0
   }
  },
  {
   "name": "sidebar Dashboard",
   "hash": "#/invoices/449",
   "historyLength": 4,
   "dialogs": 1,
   "afterKeep": {
    "hash": "#/invoices/449",
    "historyLength": 4,
    "dialogs": 0
   }
  },
  {
   "name": "Back arrow",
   "hash": "#/invoices/449",
   "historyLength": 4,
   "dialogs": 1,
   "afterKeep": {
    "hash": "#/invoices/449",
    "historyLength": 4,
    "dialogs": 0
   }
  }
 ],
 "serverBefore": "x",
 "opened": {
  "hash": "#/invoices/449",
  "historyLength": 4,
  "dialogs": 0
 },
 "typed": "vu-d11d-mu306foi",
 "dirty": {
  "hash": "#/invoices/449",
  "historyLength": 4,
  "dialogs": 0
 },
 "afterSave": {
  "hash": "#/invoices/449",
  "historyLength": 4,
  "dialogs": 0
 },
 "serverAfterSave": "vu-d11d-mu306foi",
 "backAfterSave": {
  "hash": "#/invoices",
  "historyLength": 4,
  "dialogs": 0
 },
 "apiErrors": [],
 "pageErrors": []
}
