{
 "kind": "invoice",
 "serverBefore": "vu-d11 inv mu2z84jg",
 "typed": "vu-d11 inv mu301mz9",
 "sidebar": {
  "hashBefore": "#/invoices/453",
  "dialogs": 1,
  "hashWithDialog": "#/invoices/453",
  "shotDialog": "/Users/srinivasans/Git/DooD_Test/gene-invoice-main/docs/regression/2026-09-15/scripts/verify-high-fixes/ui/shots/d11-invoice-02-sidebar-dialog.png",
  "dialogsAfterKeep": 0,
  "hashAfterKeep": "#/invoices/453",
  "hrefAfterKeep": "http://localhost:8084/#/invoices/453",
  "inputsAfterKeep": [],
  "shotAfterKeep": "/Users/srinivasans/Git/DooD_Test/gene-invoice-main/docs/regression/2026-09-15/scripts/verify-high-fixes/ui/shots/d11-invoice-03-sidebar-after-keep.png"
 },
 "browserBack": {
  "hashBefore": "#/invoices/453",
  "dialogs": 1,
  "hashWithDialog": "#/invoices",
  "shotDialog": "/Users/srinivasans/Git/DooD_Test/gene-invoice-main/docs/regression/2026-09-15/scripts/verify-high-fixes/ui/shots/d11-invoice-04-browser-back-dialog.png",
  "dialogsAfterKeep": 0,
  "hashAfterKeep": "#/invoices/453",
  "hrefAfterKeep": "http://localhost:8084/#/invoices/453",
  "inputsAfterKeep": [],
  "shotAfterKeep": "/Users/srinivasans/Git/DooD_Test/gene-invoice-main/docs/regression/2026-09-15/scripts/verify-high-fixes/ui/shots/d11-invoice-05-browser-back-after-keep.png"
 },
 "sidebarAfterBrowserBack": {
  "hashBefore": "#/invoices/453",
  "dialogs": 1,
  "hashWithDialog": "#/invoices/453",
  "shotDialog": "/Users/srinivasans/Git/DooD_Test/gene-invoice-main/docs/regression/2026-09-15/scripts/verify-high-fixes/ui/shots/d11-invoice-06-sidebar-again-dialog.png",
  "dialogsAfterKeep": 0,
  "hashAfterKeep": "#/invoices/453",
  "hrefAfterKeep": "http://localhost:8084/#/invoices/453",
  "inputsAfterKeep": [],
  "shotAfterKeep": "/Users/srinivasans/Git/DooD_Test/gene-invoice-main/docs/regression/2026-09-15/scripts/verify-high-fixes/ui/shots/d11-invoice-07-sidebar-again-after-keep.png"
 },
 "bell": {
  "hashBefore": "#/invoices/453",
  "dialogs": 0,
  "hashWithDialog": "#/invoices/453",
  "shotDialog": "/Users/srinivasans/Git/DooD_Test/gene-invoice-main/docs/regression/2026-09-15/scripts/verify-high-fixes/ui/shots/d11-invoice-08-bell-dialog.png"
 },
 "tabs": {
  "History": {
   "dialogs": 0,
   "hash": "#/invoices/453?tab=history",
   "inputs": []
  },
  "Payment Promise": {
   "dialogs": 0,
   "hash": "#/invoices/453?tab=promises",
   "inputs": []
  },
  "Disputes": {
   "dialogs": 0,
   "hash": "#/invoices/453?tab=disputes",
   "inputs": []
  }
 },
 "shotTabs": "/Users/srinivasans/Git/DooD_Test/gene-invoice-main/docs/regression/2026-09-15/scripts/verify-high-fixes/ui/shots/d11-invoice-09-after-tabs.png",
 "backArrowKeep": {
  "hashBefore": "#/invoices/453?tab=disputes",
  "dialogs": 1,
  "hashWithDialog": "#/invoices/453?tab=disputes",
  "shotDialog": "/Users/srinivasans/Git/DooD_Test/gene-invoice-main/docs/regression/2026-09-15/scripts/verify-high-fixes/ui/shots/d11-invoice-10-back-arrow-dialog.png",
  "dialogsAfterKeep": 0,
  "hashAfterKeep": "#/invoices/453?tab=disputes",
  "hrefAfterKeep": "http://localhost:8084/#/invoices/453?tab=disputes",
  "inputsAfterKeep": [],
  "shotAfterKeep": "/Users/srinivasans/Git/DooD_Test/gene-invoice-main/docs/regression/2026-09-15/scripts/verify-high-fixes/ui/shots/d11-invoice-11-back-arrow-after-keep.png"
 },
 "backArrowDiscard": {
  "dialogs": 1,
  "dialogsAfterDiscard": 0,
  "hashAfterDiscard": "#/invoices",
  "shot": "/Users/srinivasans/Git/DooD_Test/gene-invoice-main/docs/regression/2026-09-15/scripts/verify-high-fixes/ui/shots/d11-invoice-12-back-arrow-discard.png",
  "serverAfter": "vu-d11 inv mu2z84jg"
 },
 "sidebarDiscard": {
  "dialogs": 1,
  "dialogsAfterDiscard": 0,
  "hashAfterDiscard": "#/invoices",
  "shot": "/Users/srinivasans/Git/DooD_Test/gene-invoice-main/docs/regression/2026-09-15/scripts/verify-high-fixes/ui/shots/d11-invoice-13-sidebar-discard.png",
  "serverAfter": "vu-d11 inv mu2z84jg"
 },
 "browserBackDiscard": {
  "dialogs": 1,
  "hashWithDialog": "#/invoices",
  "dialogsAfterDiscard": 0,
  "hashAfterDiscard": "#/invoices",
  "shot": "/Users/srinivasans/Git/DooD_Test/gene-invoice-main/docs/regression/2026-09-15/scripts/verify-high-fixes/ui/shots/d11-invoice-14-browser-back-discard.png"
 },
 "saveThenNavigate": {
  "saveNode": "[button] Save changes @350,473 153x38",
  "shotBeforeSave": "/Users/srinivasans/Git/DooD_Test/gene-invoice-main/docs/regression/2026-09-15/scripts/verify-high-fixes/ui/shots/d11-invoice-15-save-first-before.png",
  "shotAfterSave": "/Users/srinivasans/Git/DooD_Test/gene-invoice-main/docs/regression/2026-09-15/scripts/verify-high-fixes/ui/shots/d11-invoice-16-save-first-after.png",
  "serverAfterSave": "vu-d11 inv mu303g7h",
  "typed": "vu-d11 inv mu303g7h",
  "dialogs": 0,
  "hashAfterNav": ""
 },
 "apiErrors": [],
 "pageErrors": []
}
