{
 "kind": "payment",
 "serverBefore": "vu-d11 pay mu303kd6",
 "back1": {
  "dialogs": 1,
  "hash": "#/payments",
  "afterKeep": {
   "dialogs": 0,
   "hash": "#/payments/173"
  },
  "hrefAfterKeep": "http://localhost:8084/#/payments/173"
 },
 "back2": {
  "dialogs": 1,
  "hash": "#/payments",
  "afterKeep": {
   "dialogs": 0,
   "hash": "#/payments/173"
  }
 },
 "bellNode": "1166,28",
 "badgeNode": "99+ 1165,23 19x16",
 "bellOffBadge": {
  "dialogs": 1,
  "hash": "#/payments/173",
  "afterKeep": {
   "dialogs": 0,
   "hash": "#/payments/173"
  }
 },
 "bellOnBadge": {
  "dialogs": 0,
  "hash": "#/payments/173"
 },
 "blockedNav": {
  "dialogs": 1,
  "hash": "#/payments/173",
  "afterKeep": {
   "dialogs": 0,
   "hash": "#/payments/173"
  }
 },
 "backAfterBlocked1": {
  "dialogs": 1,
  "hash": "#/payments"
 },
 "stateAtEnd": {
  "dialogs": 0,
  "hash": "#/payments/173"
 },
 "serverAfter": "vu-d11 pay mu303kd6",
 "error": "TypeError: Cannot read properties of undefined (reading 'x')\n    at /Users/srinivasans/Git/DooD_Test/gene-invoice-main/docs/regression/2026-09-15/scripts/verify-high-fixes/ui/d11b.js:139:33\n    at runNextTicks (node:internal/process/task_queues:65:5)\n    at process.processImmediate (node:internal/timers:472:9)",
 "apiErrors": [],
 "pageErrors": []
}
