{
 "R1b": {
  "statusBefore": "UNPAID",
  "shot_r1b-1-list": "/Users/srinivasans/Git/DooD_Test/gene-invoice-main/docs/regression/2026-09-15/scripts/verify-medium-fixes/ui/shots/r1b-1-list.png",
  "boxes": [
   "[checkbox] Add filter @325,171 112x34",
   "[checkbox] Customer is 331 @466,171 158x34"
  ],
  "error": "TypeError: Cannot read properties of undefined (reading 'x')\n    at /Users/srinivasans/Git/DooD_Test/gene-invoice-main/docs/regression/2026-09-15/scripts/verify-medium-fixes/ui/f1.js:39:32\n    at async withApp (/Users/srinivasans/Git/DooD_Test/gene-invoice-main/docs/regression/2026-09-15/scripts/verify-medium-fixes/ui/f1.js:15:5)\n    at async /Users/srinivasans/Git/DooD_Test/gene-invoice-main/docs/regression/2026-09-15/scripts/verify-medium-fixes/ui/f1.js:30:3",
  "apiErrors": [],
  "pageErrors": []
 },
 "W11b": {
  "shot_w11b-invoices-1-start": "/Users/srinivasans/Git/DooD_Test/gene-invoice-main/docs/regression/2026-09-15/scripts/verify-medium-fixes/ui/shots/w11b-invoices-1-start.png",
  "shot_w11b-invoices-2-wheel-x": "/Users/srinivasans/Git/DooD_Test/gene-invoice-main/docs/regression/2026-09-15/scripts/verify-medium-fixes/ui/shots/w11b-invoices-2-wheel-x.png",
  "invoices_afterWheel": [
   "Open@1242,277",
   "Raise promise@1282,277",
   "Cancel invoice@1322,277"
  ],
  "shot_w11b-customers-1-start": "/Users/srinivasans/Git/DooD_Test/gene-invoice-main/docs/regression/2026-09-15/scripts/verify-medium-fixes/ui/shots/w11b-customers-1-start.png",
  "shot_w11b-customers-2-wheel-x": "/Users/srinivasans/Git/DooD_Test/gene-invoice-main/docs/regression/2026-09-15/scripts/verify-medium-fixes/ui/shots/w11b-customers-2-wheel-x.png",
  "customers_afterWheel": [
   "Open@1282,277",
   "Raise promise@1322,277",
   "Open@1282,325"
  ],
  "apiErrors": [],
  "pageErrors": []
 },
 "W15b": {
  "hash": "",
  "href": "http://localhost:8084/",
  "shot_w15b-after-go-back": "/Users/srinivasans/Git/DooD_Test/gene-invoice-main/docs/regression/2026-09-15/scripts/verify-medium-fixes/ui/shots/w15b-after-go-back.png",
  "texts": [
   "Welcome, System Administrator",
   "Invoices",
   "Invoices\n469\nTotal billed\n₹23.17L\nOutstanding\n₹22.95L\nUnpaid\n269\nPartially paid\n72"
  ],
  "apiErrors": [],
  "pageErrors": []
 },
 "W13b": {
  "shot_w13b-1-invoices": "/Users/srinivasans/Git/DooD_Test/gene-invoice-main/docs/regression/2026-09-15/scripts/verify-medium-fixes/ui/shots/w13b-1-invoices.png",
  "checkboxes": [
   "[checkbox] Add filter @325,171 112x34"
  ],
  "headers": [
   "Invoice #",
   "Customer",
   "Date",
   "Total",
   "Paid",
   "Balance",
   "Status"
  ],
  "rows": 20,
  "toolbarTexts": [
   "[checkbox] Add filter @325,171 112x34"
  ],
  "shot_w13b-2-selected": "/Users/srinivasans/Git/DooD_Test/gene-invoice-main/docs/regression/2026-09-15/scripts/verify-medium-fixes/ui/shots/w13b-2-selected.png",
  "toolbarAfterClick": [
   "[null] 1 selected @302,220 66x20",
   "[button] Export selected @659,220 152x32",
   "[button] Clear @771,220 57x32"
  ],
  "shot_w13b-3-export-dialog": "/Users/srinivasans/Git/DooD_Test/gene-invoice-main/docs/regression/2026-09-15/scripts/verify-medium-fixes/ui/shots/w13b-3-export-dialog.png",
  "exportDialog": [
   "Exported CSV",
   "Copy",
   "Close"
  ],
  "apiErrors": [],
  "pageErrors": []
 },
 "W12b": {
  "shot_w12b-disputes-1920": "/Users/srinivasans/Git/DooD_Test/gene-invoice-main/docs/regression/2026-09-15/scripts/verify-medium-fixes/ui/shots/w12b-disputes-1920.png",
  "headers": [
   "Target@348.5-675.5",
   "Customer@675.5-924.5",
   "Status@924.5-1103.5",
   "Opened@1103-1337",
   "Reason@1337.5-1790.5"
  ],
  "open": [
   "1839,186",
   "1839,234"
  ],
  "apiErrors": [],
  "pageErrors": []
 }
}
