{
 "W06": {
  "A": "WM-COLLA-MU33KDKUC85F",
  "B": "WM-COLLB-MU33KDN33EB2",
  "shot_w06-poc-search": "/Users/srinivasans/Git/DooD_Test/gene-invoice-main/docs/regression/2026-09-15/scripts/verify-medium-fixes/ui/shots/w06-poc-search.png",
  "pickerList": [
   "[button] W / WM-COLLB-MU33KDN33EB2 / @wm-collB-mu33kdn33eb2 • COLLECTION_POC @683,364 420x64"
  ],
  "shot_w06-1-b-picked": "/Users/srinivasans/Git/DooD_Test/gene-invoice-main/docs/regression/2026-09-15/scripts/verify-medium-fixes/ui/shots/w06-1-b-picked.png",
  "pocBeforeCustomer": [
   "[button] Collection POC * / WM-COLLB-MU33KDN33EB2 @683,389 540x40"
  ],
  "shot_w06-2-after-customer": "/Users/srinivasans/Git/DooD_Test/gene-invoice-main/docs/regression/2026-09-15/scripts/verify-medium-fixes/ui/shots/w06-2-after-customer.png",
  "pocAfterCustomer": [
   "[button] Collection POC * / WM-COLLB-MU33KDN33EB2 @683,389 540x40"
  ],
  "customerField": [
   "[button] Customer * / wm-pay-mu33kdrm096a @683,337 540x40"
  ]
 },
 "W07": {
  "primaryDeactivated": "WM-D36PRIMARY-MU33KE2REE31",
  "backup": "WM-D36BACKUP-MU33KE4O2132",
  "shot_w07-1-record-payment-default": "/Users/srinivasans/Git/DooD_Test/gene-invoice-main/docs/regression/2026-09-15/scripts/verify-medium-fixes/ui/shots/w07-1-record-payment-default.png",
  "recordPaymentPoc": [
   "[button] Collection POC * / WM-D36BACKUP-MU33KE4O2132 @683,389 540x40"
  ],
  "shot_w07-2-promise-tab": "/Users/srinivasans/Git/DooD_Test/gene-invoice-main/docs/regression/2026-09-15/scripts/verify-medium-fixes/ui/shots/w07-2-promise-tab.png",
  "shot_w07-3-raise-promise-dialog": "/Users/srinivasans/Git/DooD_Test/gene-invoice-main/docs/regression/2026-09-15/scripts/verify-medium-fixes/ui/shots/w07-3-raise-promise-dialog.png",
  "promisePoc": [
   "[button] Collection POC * / WM-D36BACKUP-MU33KE4O2132 @683,387 520x40"
  ],
  "mentionsPrimary": []
 },
 "W08": {
  "shot_w08-1-before": "/Users/srinivasans/Git/DooD_Test/gene-invoice-main/docs/regression/2026-09-15/scripts/verify-medium-fixes/ui/shots/w08-1-before.png",
  "before": [
   "[null] Promises @354,88 146x16",
   "[null] Open @545,88 128x16",
   "[null] Kept @727,88 128x16",
   "[null] Partially kept @909,88 128x16",
   "[null] Broken @1091,88 128x16",
   "[null] Promised total @1264,88 146x16",
   "[columnheader] Promised by @707,224 153x56",
   "[cell] Open @840,276 115x48",
   "[button] Open customer @1453,276 40x40"
  ],
  "shot_w08-2-dialog": "/Users/srinivasans/Git/DooD_Test/gene-invoice-main/docs/regression/2026-09-15/scripts/verify-medium-fixes/ui/shots/w08-2-dialog.png",
  "menu": [
   "Open",
   "Kept",
   "Partially kept",
   "Broken"
  ],
  "shot_w08-3-after": "/Users/srinivasans/Git/DooD_Test/gene-invoice-main/docs/regression/2026-09-15/scripts/verify-medium-fixes/ui/shots/w08-3-after.png",
  "after": [
   "[null] Promises @354,88 146x16",
   "[null] Open @545,88 128x16",
   "[null] Kept @727,88 128x16",
   "[null] Partially kept @909,88 128x16",
   "[null] Broken @1091,88 128x16",
   "[null] Promised total @1264,88 146x16",
   "[columnheader] Promised by @707,224 153x56",
   "[cell] Status was set by hand, not worked out from payments / Kept @843,276 119x48",
   "[button] Open customer @1457,276 40x40"
  ],
  "hash": "#/promises?f=customerId:eq:328",
  "shot_w08-4-after-wait": "/Users/srinivasans/Git/DooD_Test/gene-invoice-main/docs/regression/2026-09-15/scripts/verify-medium-fixes/ui/shots/w08-4-after-wait.png",
  "afterWait": [
   "[null] Promises @354,88 146x16",
   "[null] Open @545,88 128x16",
   "[null] Kept @727,88 128x16",
   "[null] Partially kept @909,88 128x16",
   "[null] Broken @1091,88 128x16",
   "[null] Promised total @1264,88 146x16",
   "[columnheader] Promised by @707,224 153x56",
   "[cell] Status was set by hand, not worked out from payments / Kept @843,276 119x48",
   "[button] Open customer @1457,276 40x40"
  ],
  "api": "KEPT"
 },
 "W09": {
  "cancelled": "INV-20260915-0465",
  "live": "INV-20260915-0466",
  "shot_w09-1-customer-promise-tab": "/Users/srinivasans/Git/DooD_Test/gene-invoice-main/docs/regression/2026-09-15/scripts/verify-medium-fixes/ui/shots/w09-1-customer-promise-tab.png",
  "chips": [
   "[checkbox] INV-20260915-0465 • cancelled @397,731 233x34",
   "[checkbox] INV-20260915-0466 • ₹200.00 left @643,731 247x34"
  ],
  "shot_w09-2-invoice-promise-tab": "/Users/srinivasans/Git/DooD_Test/gene-invoice-main/docs/regression/2026-09-15/scripts/verify-medium-fixes/ui/shots/w09-2-invoice-promise-tab.png",
  "invoiceTabChips": [
   "[null] INV-20260915-0466 @412,84 213x32",
   "[checkbox] INV-20260915-0465 • cancelled @397,727 233x34",
   "[checkbox] INV-20260915-0466 • ₹200.00 left @643,727 247x34"
  ]
 },
 "apiErrors": [],
 "pageErrors": []
}
