{
 "W10": {
  "typed": "wm-sales-mu33kdil2c86",
  "shot_w10-1-picker-open": "/Users/srinivasans/Git/DooD_Test/gene-invoice-main/docs/regression/2026-09-15/scripts/verify-medium-fixes/ui/shots/w10-1-picker-open.png",
  "listBefore": 9,
  "shot_w10-2-700ms": "/Users/srinivasans/Git/DooD_Test/gene-invoice-main/docs/regression/2026-09-15/scripts/verify-medium-fixes/ui/shots/w10-2-700ms.png",
  "list700ms": [
   "[button] W / WM-SALES-MU33KDIL2C86 / @wm-sales-mu33kdil2c86 • SALES_POC @683,364 420x64"
  ],
  "shot_w10-3-3s": "/Users/srinivasans/Git/DooD_Test/gene-invoice-main/docs/regression/2026-09-15/scripts/verify-medium-fixes/ui/shots/w10-3-3s.png",
  "list3s": [
   "[button] W / WM-SALES-MU33KDIL2C86 / @wm-sales-mu33kdil2c86 • SALES_POC @683,364 420x64"
  ],
  "requests": [
   {
    "ms": -4279,
    "url": "/api/pocs/assignable?type=SALES&limit=25"
   },
   {
    "ms": 230,
    "url": "/api/pocs/assignable?type=SALES&q=wm-sales-mu33kdil2c86&limit=25"
   }
  ],
  "typingMs": 926,
  "apiErrors_1366": [],
  "pageErrors_1366": []
 },
 "W11": {
  "shot_w11-1366-invoices": "/Users/srinivasans/Git/DooD_Test/gene-invoice-main/docs/regression/2026-09-15/scripts/verify-medium-fixes/ui/shots/w11-1366-invoices.png",
  "invoices_1366": {
   "headers": [
    "Invoice #@310.5-479.5",
    "Customer@479.5-720.5",
    "Date@721.5-850.5",
    "Total@850-988",
    "Paid@988.5-1107.5",
    "Balance@1108-1246",
    "Status@1246-1366",
    "Sales POC@1385.5-1712.5"
   ],
   "lastHeader": "Sales POC",
   "maxHeaderRight": 1712.5,
   "maxCellRight": 1712.5,
   "actionButtons": [
    "Open@1761,276",
    "Raise promise@1801,276",
    "Cancel invoice@1841,276",
    "Open@1761,324",
    "Raise promise@1801,324",
    "Cancel invoice@1841,324"
   ],
   "actionsOnScreen": false,
   "width": 1366
  },
  "shot_w11-1366-customers": "/Users/srinivasans/Git/DooD_Test/gene-invoice-main/docs/regression/2026-09-15/scripts/verify-medium-fixes/ui/shots/w11-1366-customers.png",
  "customers_1366": {
   "headers": [
    "Name@311-655",
    "Phone@655.5-772.5",
    "Email@771.5-1084.5",
    "Outstanding@1085.5-1236.5",
    "Credit@1236-1348",
    "Success POC@1348-1366",
    "Collection POC@1570.5-1815.5"
   ],
   "lastHeader": "Collection POC",
   "maxHeaderRight": 1815.5,
   "maxCellRight": 1815.5,
   "actionButtons": [
    "Open@1864,276",
    "Raise promise@1904,276",
    "Open@1864,324",
    "Raise promise@1904,324",
    "Open@1864,372",
    "Raise promise@1904,372"
   ],
   "actionsOnScreen": false,
   "width": 1366
  },
  "shot_w11-1366-payments": "/Users/srinivasans/Git/DooD_Test/gene-invoice-main/docs/regression/2026-09-15/scripts/verify-medium-fixes/ui/shots/w11-1366-payments.png",
  "payments_1366": {
   "headers": [
    "Payment@311-425",
    "Customer@424.5-663.5",
    "Amount@664-788",
    "Credit applied@788.5-949.5",
    "Method@949-1071",
    "Paid at@1071.5-1276.5",
    "Status@1276-1366",
    "Collection POC@1391-1633"
   ],
   "lastHeader": "Collection POC",
   "maxHeaderRight": 1633,
   "maxCellRight": 1633,
   "actionButtons": [
    "Open@1681,276",
    "Open@1681,324",
    "Open@1681,372",
    "Open@1681,420",
    "Open@1681,468",
    "Open@1681,516"
   ],
   "actionsOnScreen": false,
   "width": 1366
  },
  "shot_w11-1366-users": "/Users/srinivasans/Git/DooD_Test/gene-invoice-main/docs/regression/2026-09-15/scripts/verify-medium-fixes/ui/shots/w11-1366-users.png",
  "users_1366": {
   "headers": [
    "Username@310.5-519.5",
    "Full name@519.5-750.5",
    "Email@751-1033",
    "Role@1033-1271",
    "Active@1271.5-1366.5"
   ],
   "lastHeader": "Active",
   "maxHeaderRight": 1366.5,
   "maxCellRight": 1384.5,
   "actionButtons": [
    "Edit@1432,234",
    "Edit@1432,282",
    "Edit@1432,330",
    "Edit@1432,378",
    "Edit@1432,426",
    "Edit@1432,474"
   ],
   "actionsOnScreen": false,
   "width": 1366
  },
  "shot_w11-1366-roles": "/Users/srinivasans/Git/DooD_Test/gene-invoice-main/docs/regression/2026-09-15/scripts/verify-medium-fixes/ui/shots/w11-1366-roles.png",
  "roles_1366": {
   "headers": [
    "Name@362.5-675.5",
    "Description@676.5-1053.5",
    "Privileges@1053.5-1222.5"
   ],
   "lastHeader": "Privileges",
   "maxHeaderRight": 1222.5,
   "maxCellRight": 1222.5,
   "actionButtons": [
    "Edit@1270,234",
    "Edit@1270,282",
    "Edit@1270,330",
    "Edit@1270,378",
    "Edit@1270,426",
    "Edit@1270,474"
   ],
   "actionsOnScreen": true,
   "width": 1366
  },
  "shot_w11-1366-promises": "/Users/srinivasans/Git/DooD_Test/gene-invoice-main/docs/regression/2026-09-15/scripts/verify-medium-fixes/ui/shots/w11-1366-promises.png",
  "promises_1366": {
   "headers": [
    "Customer@310.5-525.5",
    "Amount@526-650",
    "Promised by@649.5-802.5",
    "Status@802.5-949.5",
    "Fulfilled@949-1073",
    "Remaining@1073.5-1214.5",
    "Collection POC@1214-1366"
   ],
   "lastHeader": "Collection POC",
   "maxHeaderRight": 1366,
   "maxCellRight": 1540,
   "actionButtons": [
    "Override status@1628,276",
    "Override status@1628,372",
    "Override status@1628,420",
    "Override status@1628,468",
    "Override status@1628,516",
    "Override status@1628,564"
   ],
   "actionsOnScreen": false,
   "width": 1366
  },
  "apiErrors_1366": [],
  "pageErrors_1366": [],
  "shot_w11-1920-invoices": "/Users/srinivasans/Git/DooD_Test/gene-invoice-main/docs/regression/2026-09-15/scripts/verify-medium-fixes/ui/shots/w11-1920-invoices.png",
  "invoices_1920": {
   "headers": [
    "Invoice #@315-487",
    "Customer@486.5-731.5",
    "Date@731.5-864.5",
    "Total@864-1006",
    "Paid@1005.5-1128.5",
    "Balance@1129-1271",
    "Status@1270-1414",
    "Sales POC@1414-1744"
   ],
   "lastHeader": "Sales POC",
   "maxHeaderRight": 1744,
   "maxCellRight": 1744,
   "actionButtons": [
    "Open@1792,276",
    "Raise promise@1832,276",
    "Cancel invoice@1872,276",
    "Open@1792,324",
    "Raise promise@1832,324",
    "Cancel invoice@1872,324"
   ],
   "actionsOnScreen": true,
   "width": 1920
  },
  "shot_w11-1920-customers": "/Users/srinivasans/Git/DooD_Test/gene-invoice-main/docs/regression/2026-09-15/scripts/verify-medium-fixes/ui/shots/w11-1920-customers.png",
  "customers_1920": {
   "headers": [
    "Name@311-655",
    "Phone@655.5-772.5",
    "Email@771.5-1084.5",
    "Outstanding@1085.5-1236.5",
    "Credit@1236-1348",
    "Success POC@1347.5-1570.5",
    "Collection POC@1570.5-1815.5"
   ],
   "lastHeader": "Collection POC",
   "maxHeaderRight": 1815.5,
   "maxCellRight": 1815.5,
   "actionButtons": [
    "Open@1864,276",
    "Raise promise@1902,276",
    "Open@1864,324",
    "Raise promise@1902,324",
    "Open@1864,372",
    "Raise promise@1902,372"
   ],
   "actionsOnScreen": false,
   "width": 1920
  },
  "shot_w11-1920-users": "/Users/srinivasans/Git/DooD_Test/gene-invoice-main/docs/regression/2026-09-15/scripts/verify-medium-fixes/ui/shots/w11-1920-users.png",
  "users_1920": {
   "headers": [
    "Username@374-646",
    "Full name@646.5-941.5",
    "Email@941-1287",
    "Role@1286.5-1587.5",
    "Active@1587.5-1764.5"
   ],
   "lastHeader": "Active",
   "maxHeaderRight": 1764.5,
   "maxCellRight": 1764.5,
   "actionButtons": [
    "Edit@1813,234",
    "Edit@1813,282",
    "Edit@1813,330",
    "Edit@1813,378",
    "Edit@1813,426",
    "Edit@1813,474"
   ],
   "actionsOnScreen": true,
   "width": 1920
  },
  "apiErrors_1920": [],
  "pageErrors_1920": [],
  "shot_w11-1366-customer-invoices": "/Users/srinivasans/Git/DooD_Test/gene-invoice-main/docs/regression/2026-09-15/scripts/verify-medium-fixes/ui/shots/w11-1366-customer-invoices.png",
  "customer_invoices_1366": {
   "headers": [
    "Invoice #@256.5-437.5",
    "Customer@437.5-654.5",
    "Date@655.5-784.5",
    "Total@784-922",
    "Paid@922.5-1041.5",
    "Balance@1042-1180",
    "Status@1180-1320"
   ],
   "lastHeader": "Status",
   "maxHeaderRight": 1320,
   "maxCellRight": 1320,
   "actionButtons": [
    "Open@1357,276",
    "Open@1357,324"
   ],
   "actionsOnScreen": true,
   "width": 1366
  }
 },
 "W12": {
  "reasonLengths": [
   1000,
   1000
  ],
  "reason1500": {
   "status": 409,
   "body": "{\"timestamp\":\"2026-09-15T20:01:09.534662Z\",\"status\":409,\"error\":\"Conflict\",\"message\":\"This change conflicts with existing data\",\"path\":\"/api/disputes\",\"fieldErrors\":null}"
  },
  "shot_w12-1-disputes": "/Users/srinivasans/Git/DooD_Test/gene-invoice-main/docs/regression/2026-09-15/scripts/verify-medium-fixes/ui/shots/w12-1-disputes.png",
  "disputes": {
   "headers": [
    "Target@311.5-600.5",
    "Customer@600-812",
    "Status@812.5-953.5",
    "Opened@953.5-1150.5",
    "Reason@1150-1366"
   ],
   "lastHeader": "Reason",
   "maxHeaderRight": 1366,
   "maxCellRight": 1366,
   "actionButtons": [
    "Open@1614,234"
   ],
   "actionsOnScreen": false,
   "width": 1366
  },
  "reasonCells": [
   "wm-unbroken-xxxxxxxxxxxxxxxxxxxxxxxxxxxxxxxxxxxxxxxxxxxxxxxx… len=2001 @1258,186 216x48",
   "wm-long-reason the customer says this invoice was billed twi… len=2001 @1258,234 216x48"
  ],
  "shot_w12-2-disputes-hover": "/Users/srinivasans/Git/DooD_Test/gene-invoice-main/docs/regression/2026-09-15/scripts/verify-medium-fixes/ui/shots/w12-2-disputes-hover.png",
  "hoverTexts": [
   "[cell] wm-long-reason the customer says this invoice was bil … elivery and wants it corrected wm-long-reas @1258,234 216x48"
  ],
  "shot_w12-3-notifications": "/Users/srinivasans/Git/DooD_Test/gene-invoice-main/docs/regression/2026-09-15/scripts/verify-medium-fixes/ui/shots/w12-3-notifications.png",
  "notifications": {
   "headers": [
    "Title@311-591",
    "Message@591-1007",
    "Type@1006.5-1181.5",
    "Received@1182-1366",
    "Read@1387-1489"
   ],
   "lastHeader": "Read",
   "maxHeaderRight": 1489,
   "maxCellRight": 1386.5,
   "actionButtons": [],
   "actionsOnScreen": false,
   "width": 1366
  },
  "messageCells": [
   "wm-unbroken-xxxxxxxxxxxxxxxxxxxxxxxxxxxxxxxxxxxxxxxxxxxxxxxx… @799,242 416x48",
   "wm-long-reason the customer says this invoice was billed twi… @799,290 416x48"
  ],
  "shot_w12-4-notifications-hover": "/Users/srinivasans/Git/DooD_Test/gene-invoice-main/docs/regression/2026-09-15/scripts/verify-medium-fixes/ui/shots/w12-4-notifications-hover.png",
  "notificationHoverTexts": [
   "[cell] wm-long-reason the customer says this invoice was bil … delivery and wants it corrected wm-long-reas @799,290 416x48"
  ],
  "apiErrors_1366": [],
  "pageErrors_1366": []
 },
 "W13": {
  "user": "wm-exporter-user-mu33kekb6e3a",
  "me": [
   "INVOICE_VIEW",
   "EXPORT_DATA",
   "NOTIFICATION_VIEW"
  ],
  "shot_w13-1-invoices": "/Users/srinivasans/Git/DooD_Test/gene-invoice-main/docs/regression/2026-09-15/scripts/verify-medium-fixes/ui/shots/w13-1-invoices.png",
  "rowCheckboxes": 0,
  "apiErrors_1366": [],
  "pageErrors_1366": []
 }
}
