{
 "W14": {
  "shot_w14-1-page99": "/Users/srinivasans/Git/DooD_Test/gene-invoice-main/docs/regression/2026-09-15/scripts/verify-medium-fixes/ui/shots/w14-1-page99.png",
  "page99": [
   "[null] This page is past the end @812,514 181x24",
   "[null] 469 rows on 24 pages @811,540 142x20",
   "[button] Go to last page @811,574 119x32",
   "[null] 0–0 of 469 @1037,870 71x20",
   "[null] Page 100 of 24 @1133,870 98x20"
  ],
  "shot_w14-2-last-page": "/Users/srinivasans/Git/DooD_Test/gene-invoice-main/docs/regression/2026-09-15/scripts/verify-medium-fixes/ui/shots/w14-2-last-page.png",
  "lastPage": [
   "[null] 461–469 of 469 @1029,870 103x20",
   "[null] Page 24 of 24 @1137,870 90x20"
  ],
  "lastPageRows": 9,
  "hashAfter": "#/invoices?page=23&size=20&sort=invoiceDate,desc",
  "shot_w14-3-customer-page99": "/Users/srinivasans/Git/DooD_Test/gene-invoice-main/docs/regression/2026-09-15/scripts/verify-medium-fixes/ui/shots/w14-3-customer-page99.png",
  "customerPage99": [
   "[null] This page is past the end @812,514 181x24",
   "[null] 2 rows on 1 page @811,540 110x20",
   "[button] Go to last page @811,574 119x32",
   "[null] 0–0 of 2 @1053,870 55x20",
   "[null] Page 100 of 1 @1137,870 90x20"
  ],
  "shot_w14-4-customer-last": "/Users/srinivasans/Git/DooD_Test/gene-invoice-main/docs/regression/2026-09-15/scripts/verify-medium-fixes/ui/shots/w14-4-customer-last.png",
  "customerLast": [
   "[cell] INV-20260915-0463 @395,276 169x48",
   "[cell] INV-20260915-0462 @395,324 169x48",
   "[null] 1–2 of 2 @1069,870 55x20",
   "[null] Page 1 of 1 @1145,870 73x20"
  ],
  "apiErrors_1366": [],
  "pageErrors_1366": []
 },
 "W15": {
  "shot_w15_invoices_abc": "/Users/srinivasans/Git/DooD_Test/gene-invoice-main/docs/regression/2026-09-15/scripts/verify-medium-fixes/ui/shots/w15_invoices_abc.png",
  "_invoices_abc": {
   "texts": [
    "[null] That invoice does not exist. @811,483 199x24",
    "[button] Go back @811,526 100x38"
   ],
   "hashAfterGoBack": "#/invoices"
  },
  "shot_w15_customers_abc": "/Users/srinivasans/Git/DooD_Test/gene-invoice-main/docs/regression/2026-09-15/scripts/verify-medium-fixes/ui/shots/w15_customers_abc.png",
  "_customers_abc": {
   "texts": [
    "[null] That customer does not exist. @811,483 216x24",
    "[button] Go back @811,526 100x38"
   ],
   "hashAfterGoBack": "#/customers"
  },
  "shot_w15_payments_abc": "/Users/srinivasans/Git/DooD_Test/gene-invoice-main/docs/regression/2026-09-15/scripts/verify-medium-fixes/ui/shots/w15_payments_abc.png",
  "_payments_abc": {
   "texts": [
    "[null] That payment does not exist. @811,483 210x24",
    "[button] Go back @811,526 100x38"
   ],
   "hashAfterGoBack": "#/payments"
  },
  "shot_w15_invoices_12abc": "/Users/srinivasans/Git/DooD_Test/gene-invoice-main/docs/regression/2026-09-15/scripts/verify-medium-fixes/ui/shots/w15_invoices_12abc.png",
  "_invoices_12abc": {
   "texts": [
    "[null] That invoice does not exist. @811,483 199x24",
    "[button] Go back @811,526 100x38"
   ],
   "hashAfterGoBack": "#/invoices"
  },
  "shot_w15_disputes_abc": "/Users/srinivasans/Git/DooD_Test/gene-invoice-main/docs/regression/2026-09-15/scripts/verify-medium-fixes/ui/shots/w15_disputes_abc.png",
  "_disputes_abc": {
   "texts": [
    "[null] That dispute does not exist. @811,483 201x24",
    "[button] Go back @811,526 100x38"
   ],
   "hashAfterGoBack": "#/disputes"
  },
  "shot_w15_admin_disputes_1": "/Users/srinivasans/Git/DooD_Test/gene-invoice-main/docs/regression/2026-09-15/scripts/verify-medium-fixes/ui/shots/w15_admin_disputes_1.png",
  "_admin_disputes_1": {
   "texts": [
    "[null] That page does not exist. @683,455 183x24",
    "[button] Go back @683,498 100x38"
   ],
   "hashAfterGoBack": ""
  },
  "apiErrors_1366": [],
  "pageErrors_1366": []
 },
 "W16": {
  "shot_w16-1-admin-invoice-400": "/Users/srinivasans/Git/DooD_Test/gene-invoice-main/docs/regression/2026-09-15/scripts/verify-medium-fixes/ui/shots/w16-1-admin-invoice-400.png",
  "invoiceHeader": [
   "[button] Back @28,94 40x40",
   "[null] INV-20260915-0462 @155,84 213x32",
   "[null] wm-disp-mu33kdwo2e6c • 2026-09-16 @171,110 247x20",
   "[checkbox] Partially paid @114,141 116x34",
   "[null] Total @43,186 29x16",
   "[null] Paid @213,186 26x16",
   "[null] ₹4,51,234.50 @90,212 125x28",
   "[null] ₹1,000.00 @248,212 96x28"
  ],
  "shot_w16-2-admin-customer-400": "/Users/srinivasans/Git/DooD_Test/gene-invoice-main/docs/regression/2026-09-15/scripts/verify-medium-fixes/ui/shots/w16-2-admin-customer-400.png",
  "customerHeader": [
   "[button] Back @28,94 40x40",
   "[null] @wm-disp-mu33kdwo2e6c @135,110 174x20",
   "[null] wm-disp-mu33kdwo2e6c @182,84 268x32",
   "[null] POC missing @115,134 66x16",
   "[null] Outstanding @63,172 71x16",
   "[null] Credit balance @252,172 84x16",
   "[null] ₹4,50,534.50 @90,198 125x28",
   "[null] ₹0.00 @237,198 54x28"
  ],
  "shot_w16-3-admin-payment-400": "/Users/srinivasans/Git/DooD_Test/gene-invoice-main/docs/regression/2026-09-15/scripts/verify-medium-fixes/ui/shots/w16-3-admin-payment-400.png",
  "paymentHeader": [
   "[button] Back @28,94 40x40",
   "[null] Payment #178 @126,84 155x32",
   "[null] wm-disp-mu33kdwo2e6c • 16 Sep 2026, 1:31 AM @205,110 315x20",
   "[checkbox] Active @93,141 73x34",
   "[null] Amount @51,186 45x16",
   "[null] Credit applied @250,186 81x16",
   "[null] ₹1,000.00 @76,212 96x28",
   "[null] ₹0.00 @237,212 54x28"
  ],
  "apiErrors_400": [],
  "pageErrors_400": []
 },
 "W16c": {
  "shot_w16-4-customer-invoice-400": "/Users/srinivasans/Git/DooD_Test/gene-invoice-main/docs/regression/2026-09-15/scripts/verify-medium-fixes/ui/shots/w16-4-customer-invoice-400.png",
  "invoiceHeader": [
   "[button] Back @28,94 40x40",
   "[null] INV-20260915-0463 @155,84 213x32",
   "[null] wm-disp-mu33kdwo2e6c • 2026-09-16 @171,110 247x20",
   "[checkbox] Unpaid @95,141 78x34",
   "[button] Raise dispute @210,141 139x32",
   "[null] Total @43,186 29x16",
   "[null] Paid @213,186 26x16",
   "[null] ₹300.00 @67,212 79x28",
   "[null] ₹0.00 @227,212 54x28"
  ],
  "apiErrors_400": [],
  "pageErrors_400": []
 },
 "W17": {
  "shot_w17-1-disputes-list": "/Users/srinivasans/Git/DooD_Test/gene-invoice-main/docs/regression/2026-09-15/scripts/verify-medium-fixes/ui/shots/w17-1-disputes-list.png",
  "list": [
   "[cell] Payment #178 — ₹1,000.00 @471,186 319x48",
   "[cell] Invoice INV-20260915-0462 — ₹4,51,234.50 @471,234 319x48"
  ],
  "shot_w17-2-invoice-dispute-detail": "/Users/srinivasans/Git/DooD_Test/gene-invoice-main/docs/regression/2026-09-15/scripts/verify-medium-fixes/ui/shots/w17-2-invoice-dispute-detail.png",
  "invoiceDetail": [
   "[null] Invoice INV-20260915-0462 — ₹4,51,234.50 @769,145 992x28",
   "[null] wm D-39 invoice dispute @352,232 158x20",
   "[null] Invoice history @326,780 105x24",
   "[button] Payment applied · ₹1,000.00 · invoice now Partially Paid / Payment #178 / Sep 16, 2026 1:31 AM • by admin @812,847 1077x80",
   "[button] Invoice created · ₹4,51,234.50 / Sep 16, 2026 1:31 AM • by admin @812,897 1077x6"
  ],
  "shot_w17-3-invoice-dispute-detail-bottom": "/Users/srinivasans/Git/DooD_Test/gene-invoice-main/docs/regression/2026-09-15/scripts/verify-medium-fixes/ui/shots/w17-3-invoice-dispute-detail-bottom.png",
  "invoiceDetailBottom": [
   "[null] Invoice history @326,780 105x24"
  ],
  "shot_w17-4-payment-dispute-detail": "/Users/srinivasans/Git/DooD_Test/gene-invoice-main/docs/regression/2026-09-15/scripts/verify-medium-fixes/ui/shots/w17-4-payment-dispute-detail.png",
  "paymentDetail": [
   "[null] Payment #178 — ₹1,000.00 @769,145 992x28",
   "[null] wm D-39 payment dispute @357,232 168x20",
   "[null] Payment history @332,780 117x24",
   "[button] Payment recorded · ₹1,000.00 / Sep 16, 2026 1:31 AM • by admin @812,839 1077x78"
  ],
  "shot_w17-5-payment-dispute-detail-bottom": "/Users/srinivasans/Git/DooD_Test/gene-invoice-main/docs/regression/2026-09-15/scripts/verify-medium-fixes/ui/shots/w17-5-payment-dispute-detail-bottom.png",
  "paymentDetailBottom": [
   "[null] Payment history @332,780 117x24"
  ],
  "shot_w17-6-payment-disputes-tab": "/Users/srinivasans/Git/DooD_Test/gene-invoice-main/docs/regression/2026-09-15/scripts/verify-medium-fixes/ui/shots/w17-6-payment-disputes-tab.png",
  "paymentTab": [
   "[null] Payment #178 @383,84 155x32",
   "[button] Payment #178 — ₹1,000.00 / 16 Sep 2026, 1:31 AM / wm D-39 payment dispute @812,615 1085x80"
  ],
  "shot_w17-7-invoice-disputes-tab": "/Users/srinivasans/Git/DooD_Test/gene-invoice-main/docs/regression/2026-09-15/scripts/verify-medium-fixes/ui/shots/w17-7-invoice-disputes-tab.png",
  "invoiceTab": [
   "[button] Invoice INV-20260915-0462 — ₹4,51,234.50 / 16 Sep 2026, 1:31 AM / wm D-39 invoice dispute @812,636 1085x80"
  ],
  "apiErrors_1366": [],
  "pageErrors_1366": []
 },
 "W17c": {
  "shot_w17-8-customer-disputes": "/Users/srinivasans/Git/DooD_Test/gene-invoice-main/docs/regression/2026-09-15/scripts/verify-medium-fixes/ui/shots/w17-8-customer-disputes.png",
  "list": [
   "[cell] Payment #178 — ₹1,000.00 @423,186 331x48",
   "[cell] Invoice INV-20260915-0462 — ₹4,51,234.50 @423,234 331x48"
  ],
  "apiErrors_1366": [],
  "pageErrors_1366": []
 },
 "W18": {
  "badge_1366": "[null] 99+ @1165,23 19x16",
  "shotBefore_1366": "/Users/srinivasans/Git/DooD_Test/gene-invoice-main/docs/regression/2026-09-15/scripts/verify-medium-fixes/ui/shots/w18-1366-before.png",
  "hashAfterBadgeClick_1366": "#/notifications",
  "shot_w18-1366-after-badge-click": "/Users/srinivasans/Git/DooD_Test/gene-invoice-main/docs/regression/2026-09-15/scripts/verify-medium-fixes/ui/shots/w18-1366-after-badge-click.png",
  "apiErrors_1366": [],
  "pageErrors_1366": [],
  "badge_400": "[null] 99+ @303,23 19x16",
  "shotBefore_400": "/Users/srinivasans/Git/DooD_Test/gene-invoice-main/docs/regression/2026-09-15/scripts/verify-medium-fixes/ui/shots/w18-400-before.png",
  "hashAfterBadgeClick_400": "#/notifications",
  "shot_w18-400-after-badge-click": "/Users/srinivasans/Git/DooD_Test/gene-invoice-main/docs/regression/2026-09-15/scripts/verify-medium-fixes/ui/shots/w18-400-after-badge-click.png",
  "apiErrors_400": [],
  "pageErrors_400": []
 },
 "R1": {
  "shot_r1-1-bulk-customer-list": "/Users/srinivasans/Git/DooD_Test/gene-invoice-main/docs/regression/2026-09-15/scripts/verify-medium-fixes/ui/shots/r1-1-bulk-customer-list.png",
  "cell": "[cell] INV-20260915-0469 @395,276 169x48",
  "hashAfterRowClick": "#/invoices/489",
  "error": "TypeError: Cannot read properties of undefined (reading 'x')\n    at /Users/srinivasans/Git/DooD_Test/gene-invoice-main/docs/regression/2026-09-15/scripts/verify-medium-fixes/ui/g4b.js:167:32\n    at runNextTicks (node:internal/process/task_queues:65:5)\n    at process.processImmediate (node:internal/timers:472:9)\n    at async withApp (/Users/srinivasans/Git/DooD_Test/gene-invoice-main/docs/regression/2026-09-15/scripts/verify-medium-fixes/ui/g4b.js:16:5)\n    at async /Users/srinivasans/Git/DooD_Test/gene-invoice-main/docs/regression/2026-09-15/scripts/verify-medium-fixes/ui/g4b.js:156:3",
  "apiErrors_1366": [],
  "pageErrors_1366": []
 },
 "R2": {
  "shot_r2-400-invoices": "/Users/srinivasans/Git/DooD_Test/gene-invoice-main/docs/regression/2026-09-15/scripts/verify-medium-fixes/ui/shots/r2-400-invoices.png",
  "invoices": {
   "nodes": 37,
   "errors": []
  },
  "shot_r2-400-customers": "/Users/srinivasans/Git/DooD_Test/gene-invoice-main/docs/regression/2026-09-15/scripts/verify-medium-fixes/ui/shots/r2-400-customers.png",
  "customers": {
   "nodes": 33,
   "errors": []
  },
  "shot_r2-400-payments": "/Users/srinivasans/Git/DooD_Test/gene-invoice-main/docs/regression/2026-09-15/scripts/verify-medium-fixes/ui/shots/r2-400-payments.png",
  "payments": {
   "nodes": 30,
   "errors": []
  },
  "shot_r2-400-disputes": "/Users/srinivasans/Git/DooD_Test/gene-invoice-main/docs/regression/2026-09-15/scripts/verify-medium-fixes/ui/shots/r2-400-disputes.png",
  "disputes": {
   "nodes": 27,
   "errors": []
  },
  "shot_r2-400-promises": "/Users/srinivasans/Git/DooD_Test/gene-invoice-main/docs/regression/2026-09-15/scripts/verify-medium-fixes/ui/shots/r2-400-promises.png",
  "promises": {
   "nodes": 33,
   "errors": []
  },
  "apiErrors_400": [],
  "pageErrors_400": []
 }
}
