{
 "R1c": {
  "statusBefore": "UNPAID",
  "shot_r1c-1-list": "/Users/srinivasans/Git/DooD_Test/gene-invoice-main/docs/regression/2026-09-15/scripts/verify-medium-fixes/ui/shots/r1c-1-list.png",
  "cell": "[cell] INV-20260915-0469 @395,276 169x48",
  "shot_r1c-2-selected": "/Users/srinivasans/Git/DooD_Test/gene-invoice-main/docs/regression/2026-09-15/scripts/verify-medium-fixes/ui/shots/r1c-2-selected.png",
  "toolbar": [
   "[button] Clear all @588,171 75x32",
   "[null] 1 selected @302,220 66x20",
   "[button] Cancel unpaid @415,220 144x32",
   "[button] Reassign Sales POC @586,220 181x32",
   "[button] Export selected @760,220 152x32",
   "[button] Clear @873,220 57x32"
  ],
  "shot_r1c-3-confirm": "/Users/srinivasans/Git/DooD_Test/gene-invoice-main/docs/regression/2026-09-15/scripts/verify-medium-fixes/ui/shots/r1c-3-confirm.png",
  "confirm": [
   "Cancel unpaid?",
   "This will apply \"Cancel unpaid\" to 1 record.\n\nThis cannot be undone.",
   "Cancel",
   "Confirm"
  ],
  "shot_r1c-4-result": "/Users/srinivasans/Git/DooD_Test/gene-invoice-main/docs/regression/2026-09-15/scripts/verify-medium-fixes/ui/shots/r1c-4-result.png",
  "result": [
   "Invoices",
   "Unpaid",
   "New invoice",
   "Invoice #",
   "Cancelled"
  ],
  "statusAfter": "CANCELLED",
  "apiErrors": [],
  "pageErrors": []
 }
}
